int1	rs37745172	19	3796745	GGCATAAGCCTGTGGTT	GGCATAAGTCTGTGGTT
int1	rs214526021	19	3797057	GTGAGTTCGAGGCCAGC	GTGAGTTCAAGGCCAGC
int1	rs232006218	19	3797126	AGCTTTTCCTCTTTTCT	AGCTTTTCTTCTTTTCT
int1	rs254266733	19	3797132	TCCTCTTTTCTGCCTTT	TCCTCTTTCCTGCCTTT
int1	rs212133110	19	3797168	CAGCCTCCTTGTTACTC	CAGCCTCCCTGTTACTC
int1	rs243001379	19	3797209	TAGTAGCAGTTCGGCTC	TAGTAGCAATTCGGCTC
int1	rs37665146	19	3797213	AGCAGTTCGGCTCATAC	AGCAGTTCAGCTCATAC
int1	rs221355178	19	3797237	CATTGTTGCTGTTGCCA	CATTGTTGTTGTTGCCA
int1	rs232704341	19	3797253	ACAGTGGTTTCTTGTGT	ACAGTGGTCTCTTGTGT
int1	rs250384293	19	3797258	GGTTTCTTGTGTTTGGA	GGTTTCTTATGTTTGGA
int1	rs219156104	19	3797314	CGTGGTGGGGCATGCCT	CGTGGTGGCGCATGCCT
int1	rs241964814	19	3797337	CCCACACTTGGGAGGCA	CCCACACTCGGGAGGCA
int1	rs264477720	19	3797354	GAAGCAGGCAGATTTCT	GAAGCAGGTAGATTTCT
int1	rs226342766	19	3797355	AAGCAGGCAGATTTCTG	AAGCAGGCGGATTTCTG
int1	rs251852678	19	3797359	AGGCAGATTTCTGAGTT	AGGCAGATCTCTGAGTT
int1	rs260895453	19	3797381	CCAGCCTGGTCTACAGA	CCAGCCTGTTCTACAGA
int1	rs228315182	19	3797481	TCTCACAGGGAACAGGC	TCTCACAGAGAACAGGC
int1	rs37178516	19	3797568	ATTTTGTATAGTAGCCA	ATTTTGTACAGTAGCCA
int1	rs36445963	19	3797583	CACCAAAGCCTGGGACA	CACCAAAGTCTGGGACA
int1	rs230402680	19	3797647	CATATCCATTGGAGATG	CATATCCACTGGAGATG
int1	rs250108111	19	3797711	AACATCCAGTTTTGTAT	AACATCCAATTTTGTAT
int1	rs212321000	19	3797712	ACATCCAGTTTTGTATT	ACATCCAGATTTGTATT
int1	rs240440632	19	3797761	AAGCTGAAGAGCGCCGG	AAGCTGAATAGCGCCGG
int1	rs246771146	19	3797772	CGCCGGGCGTGGTGGCG	CGCCGGGCATGGTGGCG
int1	rs49261326	19	3797780	GTGGTGGCGCCCACCTT	GTGGTGGCACCCACCTT
int1	rs232848036	19	3797782	GGTGGCGCCCACCTTTA	GGTGGCGCTCACCTTTA
int1	rs250344069	19	3797803	CAGCACTCGGGAGGCAG	CAGCACTCAGGAGGCAG
int1	rs219305977	19	3797816	GCAGAGGCTGGCGGATT	GCAGAGGCAGGCGGATT
int1	rs236964207	19	3797876	TCGAAAACAAAAAAAAA	TCGAAAACCAAAAAAAA
int1	rs255329313	19	3797981	GAAGATAGCTAACTCCA	GAAGATAGTTAACTCCA
int1	rs52046599	19	3798015	TCTGAGCCCGTGCCCTT	TCTGAGCCTGTGCCCTT
int1	rs36315006	19	3798053	ACTCGAGTGCAGCTTCC	ACTCGAGTACAGCTTCC
int1	rs246941333	19	3798157	TACATAGTAAGTTCCAG	TACATAGTGAGTTCCAG
int1	rs584642888	19	3798184	AATACATAGTAGAGGGG	AATACATAATAGAGGGG
int1	rs259607492	19	3798644	TAGTTAGAGAGTGAGAA	TAGTTAGACAGTGAGAA
int1	rs222201863	19	3798672	CTCAGGAGGGGCACACC	CTCAGGAGAGGCACACC
int1	rs240918309	19	3798774	ACTTGGACGACATCTGA	ACTTGGACAACATCTGA
int1	rs258584652	19	3798797	AATGAACAAGTTTCAGA	AATGAACATGTTTCAGA
int1	rs587144268	19	3798964	ACACACGCACGCACGCA	ACACACGCGCGCACGCA
int1	rs581290357	19	3799028	ACACACACACACACATA	ACACACACGCACACATA
int1	rs36672691	19	3799035	CACACACATATGCTAAC	CACACACACATGCTAAC
int1	rs230393318	19	3799069	ACCTGCCTTCATTTTAG	ACCTGCCTCCATTTTAG
int1	rs245228804	19	3799079	ATTTTAGTGGTGTCTAG	ATTTTAGTCGTGTCTAG
int1	rs261601644	19	3799126	ACTTTTTCCATGATGCA	ACTTTTTCTATGATGCA
int1	rs235166172	19	3799127	CTTTTTCCATGATGCAG	CTTTTTCCGTGATGCAG
int1	rs246740259	19	3799189	CCCACTGTATAAACAGT	CCCACTGTGTAAACAGT
int1	rs216022231	19	3799212	CAGGACAGTCAGGGCAC	CAGGACAGCCAGGGCAC
int1	rs226809952	19	3799346	CAGTTGTACGTAGAGAA	CAGTTGTATGTAGAGAA
int1	rs244575240	19	3799396	AAATTCTTCCTGAAATG	AAATTCTTACTGAAATG
int1	rs214042741	19	3799449	GCACTTGAGAGGTAGAA	GCACTTGATAGGTAGAA
int1	rs235314050	19	3799450	CACTTGAGAGGTAGAAG	CACTTGAGCGGTAGAAG
int1	rs260793312	19	3799458	AGGTAGAAGAAGAAAGT	AGGTAGAAAAAGAAAGT
int1	rs218817707	19	3799485	TTCAAGGCCGTCCTCAT	TTCAAGGCTGTCCTCAT
int1	rs235365805	19	3799486	TCAAGGCCGTCCTCATT	TCAAGGCCATCCTCATT
int1	rs253290523	19	3799524	GCAGCTTGCCTGGATTA	GCAGCTTGTCTGGATTA
int1	rs220757951	19	3799529	TTGCCTGGATTAGATGA	TTGCCTGGGTTAGATGA
int1	rs37264190	19	3799607	GTTGCAGGCTGAGCTTG	GTTGCAGGTTGAGCTTG
int1	rs252452523	19	3799647	TCTCAGTGTTGTCAGAC	TCTCAGTGATGTCAGAC
int1	rs222632899	19	3799651	AGTGTTGTCAGACAGAA	AGTGTTGTGAGACAGAA
int1	rs242457349	19	3799702	AGGCATGCTCCACCACT	AGGCATGCACCACCACT
int1	rs264728810	19	3799741	TTTTTTTTCCCATGGGT	TTTTTTTTTCCATGGGT
int1	rs234014254	19	3799770	GAAATCCCTGATTTCTT	GAAATCCCGGATTTCTT
int1	rs241027733	19	3799796	GGTGTTTGGTTGGTTTG	GGTGTTTGATTGGTTTG
int1	rs258171810	19	3799815	GTCTGTTGGTTTTTTTT	GTCTGTTGTTTTTTTTT
int1	rs226937814	19	3799858	GTGGCGCAAGCCTTTAA	GTGGCGCACGCCTTTAA
int1	rs584743925	19	3799905	ATTTCTGACTTCAATGC	ATTTCTGATTTCAATGC
int1	rs213682410	19	3799911	GACTTCAATGCCAGCCT	GACTTCAAGGCCAGCCT
int1	rs582103540	19	3799928	GGTCTACAGAGTGAGTT	GGTCTACAAAGTGAGTT
int1	rs229219923	19	3799942	GTTCCAGGGCAGCCAGG	GTTCCAGGACAGCCAGG
int2	rs38313811	19	3804946	ACAGCATGCGTTAAGGC	ACAGCATGTGTTAAGGC
int2	rs259742374	19	3805110	TGTGGTATTGACCCTGC	TGTGGTATCGACCCTGC
int2	rs216392918	19	3805128	CAACCACCCACATCATA	CAACCACCTACATCATA
int2	rs36324142	19	3805230	GGTCACAGTACAGAAGT	GGTCACAGCACAGAAGT
int2	rs246352848	19	3805291	AATGAAAAACACAGTGA	AATGAAAAGCACAGTGA
int2	rs36757855	19	3805293	TGAAAAACACAGTGAGG	TGAAAAACTCAGTGAGG
int2	rs36981185	19	3805300	CACAGTGAGGGTAATAA	CACAGTGAAGGTAATAA
int2	rs257360013	19	3805347	GCAGAATTTTGAAAGGT	GCAGAATTCTGAAAGGT
int2	rs36852506	19	3805368	TATGAGACAGTCCCTCA	TATGAGACGGTCCCTCA
int2	rs234877558	19	3805370	TGAGACAGTCCCTCAAG	TGAGACAGGCCCTCAAG
int2	rs36666391	19	3805553	AGAACATTGGGGCAGCC	AGAACATTAGGGCAGCC
int2	rs584092511	19	3805557	CATTGGGGCAGCCAGGC	CATTGGGGTAGCCAGGC
int2	rs222791519	19	3805571	GGCAGGGTGGTTTATGC	GGCAGGGTAGTTTATGC
int2	rs241236615	19	3805587	CTGATAATCCCAGTGTT	CTGATAATTCCAGTGTT
int2	rs252747952	19	3805593	ATCCCAGTGTTTGGGAG	ATCCCAGTATTTGGGAG
int2	rs223386980	19	3805623	CACTTGGAAAAGTTTAA	CACTTGGAGAAGTTTAA
int2	rs245774677	19	3805637	TAAGGTAAACCCAGGCC	TAAGGTAAGCCCAGGCC
int2	rs578334746	19	3805671	TCAAAACAGTCATAGAA	TCAAAACAATCATAGAA
int2	rs261891396	19	3805677	CAGTCATAGAAGAAGCC	CAGTCATAAAAGAAGCC
int2	rs36972947	19	3805687	AGAAGCCGGGTCCTCAG	AGAAGCCGAGTCCTCAG
int2	rs241373010	19	3805699	CTCAGCACTGAACAACA	CTCAGCACGGAACAACA
int2	rs37200259	19	3805708	GAACAACAGCGACCACA	GAACAACAACGACCACA
int2	rs227315401	19	3805717	CGACCACAACAAAGGTT	CGACCACAGCAAAGGTT
int2	rs244982534	19	3805723	CAACAAAGGTTAAAGGA	CAACAAAGCTTAAAGGA
int2	rs215512899	19	3805727	AAAGGTTAAAGGAGGGT	AAAGGTTAGAGGAGGGT
int2	rs231281167	19	3805744	TGGGGAGGAAGCGGCTG	TGGGGAGGTAGCGGCTG
int2	rs255576383	19	3805752	AAGCGGCTGCAGAGCTA	AAGCGGCTACAGAGCTA
int2	rs39275348	19	3805760	GCAGAGCTACTTAAAGA	GCAGAGCTGCTTAAAGA
int2	rs236463743	19	3805834	GCACTCAGAGAGTGAGG	GCACTCAGTGAGTGAGG
int2	rs581722288	19	3805905	CCGAGAAATAAGAGACC	CCGAGAAACAAGAGACC
int2	rs249015825	19	3805979	TTATAATGGTTATGATC	TTATAATGATTATGATC
int2	rs216841755	19	3806053	AGAGTGCACGTGGGAAG	AGAGTGCAGGTGGGAAG
int2	rs234809735	19	3806067	AAGTGAGTGCTACCTCT	AAGTGAGTACTACCTCT
int2	rs252930657	19	3806077	TACCTCTGCTTCTGGGG	TACCTCTGATTCTGGGG
int2	rs223077599	19	3806147	GGAAAAGATCTGCCTAG	GGAAAAGACCTGCCTAG
int2	rs236216534	19	3806233	GCTGTTTCCGGCACTAC	GCTGTTTCTGGCACTAC
int2	rs261435844	19	3806322	AAAACTTGACCAAAAAA	AAAACTTGGCCAAAAAA
int2	rs220281025	19	3806387	AAAGTAGAGGCCAGCAG	AAAGTAGAAGCCAGCAG
int2	rs241342196	19	3806474	GTCAGAAATCGAGGGGG	GTCAGAAAGCGAGGGGG
int2	rs258669958	19	3806475	TCAGAAATCGAGGGGGG	TCAGAAATAGAGGGGGG
int2	rs585245287	19	3806540	CTTCCTAACTAGAGTTT	CTTCCTAATTAGAGTTT
int2	rs37359432	19	3806563	TCTTGTTGGTGACATAA	TCTTGTTGTTGACATAA
int2	rs37030485	19	3806571	GTGACATAAGTAATGAC	GTGACATACGTAATGAC
int2	rs238828848	19	3806682	CTAGTCTTAACACCTGT	CTAGTCTTTACACCTGT
int2	rs262627433	19	3806705	CTCTTAACAGCTTCCAG	CTCTTAACGGCTTCCAG
int2	rs231593492	19	3806947	TAAATAACCTAAATTGA	TAAATAACATAAATTGA
int2	rs251109058	19	3806962	GAAGAATCCTCTATATA	GAAGAATCGTCTATATA
int2	rs264931654	19	3806974	ATATAGTATATCTACAG	ATATAGTACATCTACAG
int2	rs224428879	19	3807018	TTAAGGCACACATTGTA	TTAAGGCAGACATTGTA
int2	rs38544669	19	3807034	AAGTATAGTTTCAAAAG	AAGTATAGCTTCAAAAG
int2	rs36566662	19	3807112	TAGTGGAGACCTCATCA	TAGTGGAGGCCTCATCA
int2	rs234981057	19	3807141	CCTTGACCTAACGTGGC	CCTTGACCCAACGTGGC
int2	rs36741756	19	3807159	GCACACCGTCGGCAGCC	GCACACCGCCGGCAGCC
int2	rs214880222	19	3807503	GTAGCATGCCCTAGGAG	GTAGCATGTCCTAGGAG
int2	rs238021092	19	3807527	AGCATGCCCTAGGAGGG	AGCATGCCTTAGGAGGG
int2	rs256297294	19	3807528	GCATGCCCTAGGAGGGT	GCATGCCCCAGGAGGGT
int2	rs220086762	19	3807593	TGGTTTTTGTTCCTTGT	TGGTTTTTATTCCTTGT
int2	rs235022156	19	3807600	TGTTCCTTGTTTTTGTG	TGTTCCTTATTTTTGTG
int2	rs252557020	19	3807609	TTTTTGTGTTTTTTGTT	TTTTTGTGGTTTTTGTT
int2	rs221244504	19	3807658	TCGCTGTCTTCAGATAC	TCGCTGTCCTCAGATAC
int2	rs239029588	19	3807664	TCTTCAGATACACCAGA	TCTTCAGACACACCAGA
int2	rs265194366	19	3807666	TTCAGATACACCAGAAG	TTCAGATATACCAGAAG
int2	rs222294763	19	3807716	TGAGCCACCATGTGGTT	TGAGCCACAATGTGGTT
int2	rs244630087	19	3807732	TGCTGGGATTTGAACTC	TGCTGGGAATTGAACTC
int2	rs259799055	19	3808032	GATGGGTAATGGTGTTA	GATGGGTAGTGGTGTTA
int2	rs36984206	19	3808050	AGGCCCCGTAAGAGCTT	AGGCCCCGCAAGAGCTT
int2	rs224582875	19	3808082	CTACCCAGGTCTATCTC	CTACCCAGCTCTATCTC
int2	rs220771264	19	3808099	CAGCCAGTCTAGGAACA	CAGCCAGTTTAGGAACA
int2	rs36402561	19	3808117	GATGGACCCAGAGTTCA	GATGGACCTAGAGTTCA
