int1	19	3796570	3796669	0.894	GAATTTCTAGAAATGACAAATGCCAGCTGTACAAGTAGTCTTTACTATTGTTTGTTTTGTATTTGTATAGCGCCTTTCCTTCGAGGAGCTCGAGGCATAT	ATATGCCTCGAGCTCCTCGAAGGAAAGGCGCTATACAAATACAAAACAAACAATAGTAAAGACTACTTGTACAGCTGGCATTTGTCATTTCTAGAAATTC
int1	19	3796869	3796968	1.000	GAGTTACAGACAGTTGTGAGCTGCCTTGTGGGTGCTGGGATTTGAACCCAGGTCCTCTGGAACAGCATCCACTGCTCATAACTATTGAGCCATCTCTTCA	TGAAGAGATGGCTCAATAGTTATGAGCAGTGGATGCTGTTCCAGAGGACCTGGGTTCAAATCCCAGCACCCACAAGGCAGCTCACAACTGTCTGTAACTC
int1	19	3797168	3797267	0.981	TTGTTACTCTTTGGTACATGCCAGTTGAGGGCATAGTAGCAGTTCGGCTCATACAAATTTGCATTGTTGCTGTTGCCACAGTGGTTTCTTGTGTTTGGAA	TTCCAAACACAAGAAACCACTGTGGCAACAGCAACAATGCAAATTTGTATGAGCCGAACTGCTACTATGCCCTCAACTGGCATGTACCAAAGAGTAACAA
int1	19	3797467	3797566	0.941	GGGAAGTCTCACAGGGAACAGGCCTGTGAGAGTGTGAATATGTGTTTATTCTCTGTCCCTTTTAATAATAGCTGATTGTAAATTACATGTTTTATTTTGT	ACAAAATAAAACATGTAATTTACAATCAGCTATTATTAAAAGGGACAGAGAATAAACACATATTCACACTCTCACAGGCCTGTTCCCTGTGAGACTTCCC
int1	19	3797766	3797865	1.000	CCGGGCGTGGTGGCGCCCACCTTTAATCCCAGCACTCGGGAGGCAGAGGCTGGCGGATTTCTGAGTTCGAGGACAGCCAGGGCTACACAGAGAAACCCTG	CAGGGTTTCTCTGTGTAGCCCTGGCTGTCCTCGAACTCAGAAATCCGCCAGCCTCTGCCTCCCGAGTGCTGGGATTAAAGGTGGGCGCCACCACGCCCGG
int1	19	3798065	3798164	1.000	GTGGCAAACAGAAGTCAAATCCTTTTCAGATCCGTACTGAATTGGCAGAGGCAGGTGTATCTCTGAGTTGAGGCTAGCCTGGGCTACATAGTAAGTTCCA	TGGAACTTACTATGTAGCCCAGGCTAGCCTCAACTCAGAGATACACCTGCCTCTGCCAATTCAGTACGGATCTGAAAAGGATTTGACTTCTGTTTGCCAC
int1	19	3798364	3798463	0.914	TTTGTATTTTTCTTACCTTTCAATACAAGGTCTGTCTGTGTAGCCCAGGCTGTCCTGGAACTCACTATAAAGAAGGCTGTACTCAAACTCAGAGATTGGC	GCCAATCTCTGAGTTTGAGTACAGCCTTCTTTATAGTGAGTTCCAGGACAGCCTGGGCTACACAGACAGACCTTGTATTGAAAGGTAAGAAAAATACAAA
int1	19	3798663	3798762	0.894	TCTCAGGAGGGGCACACCCCAGGGAAAATAGGATAAGTAGAGTTATTTTATGTTGATTTTAGCTTTTAAGTAGTTTGACATGGTGAACAGTGAAAATTGG	CCAATTTTCACTGTTCACCATGTCAAACTACTTAAAAGCTAAAATCAACATAAAATAACTCTACTTATCCTATTTTCCCTGGGGTGTGCCCCTCCTGAGA
int1	19	3798962	3799061	0.382	GCACGCACGCACACACACACACACACACACACACACACACACACACACACACACACACACACACACACACACATATGCTAACTCTCAGTCTGTGTGTGCA	TGCACACACAGACTGAGAGTTAGCATATGTGTGTGTGTGTGTGTGTGTGTGTGTGTGTGTGTGTGTGTGTGTGTGTGTGTGTGTGTGTGTGCGTGCGTGC
int1	19	3799261	3799360	1.000	TAATTAAAATCAAACAAACCAAGACAACGATGCTGTCTTTCTCCTCTGGTATTGCCTACAATATAGCCTCTTGTATGCAGTTGTACGTAGAGAACTGAAG	CTTCAGTTCTCTACGTACAACTGCATACAAGAGGCTATATTGTAGGCAATACCAGAGGAGAAAGACAGCATCGTTGTCTTGGTTTGTTTGATTTTAATTA
int1	19	3799560	3799659	0.988	AAAAAGTTAATTGTGGTAGCTTATTTTGAAGAGTGTTCTGTTGCAGGCTGAGCTTGGTTGGAGTCTGTGCTAGGTCTTATCTCAGTGTTGTCAGACAGAA	TTCTGTCTGACAACACTGAGATAAGACCTAGCACAGACTCCAACCAAGCTCAGCCTGCAACAGAACACTCTTCAAAATAAGCTACCACAATTAACTTTTT
int1	19	3799859	3799958	0.913	GCCTTTAATCCCAGCACTCGGGAGGCAGAGGCAGGCAGATTTCTGACTTCAATGCCAGCCTGGTCTACAGAGTGAGTTCCAGGGCAGCCAGGGCTATACA	TGTATAGCCCTGGCTGCCCTGGAACTCACTCTGTAGACCAGGCTGGCATTGAAGTCAGAAATCTGCCTGCCTCTGCCTCCCGAGTGCTGGGATTAAAGGC
int2	19	3804783	3804882	1.000	TAATTGACTTTCTCTTTTGGACATTTTTCAGATTGCAGACCTAACTGTAAGGTAAGCATAAAAGAAACCAAATACCTCAAAGATTCTTTGTTTGCCTTGG	CCAAGGCAAACAAAGAATCTTTGAGGTATTTGGTTTCTTTTATGCTTACCTTACAGTTAGGTCTGCAATCTGAAAAATGTCCAAAAGAGAAAGTCAATTA
int2	19	3805082	3805181	0.868	GCATGTAACTGTCATGATGGTGTGGTATTGACCCTGCCCAACCACCCACATCATATGTGTAGAGCTAGCATGTGCTCTGTAGCTCAGCCCCAAGTGTTGT	ACAACACTTGGGGCTGAGCTACAGAGCACATGCTAGCTCTACACATATGATGTGGGTGGTTGGGCAGGGTCAATACCACACCATCATGACAGTTACATGC
int2	19	3805381	3805480	0.997	AAGATCTGAGTAAAAAGAACTGTGATGTTGGCTGTGAACACATAGATGCCACTCTTTCCATAATAATAAACTGCTTGAAACTTTATTTTTAGAATTGACC	GGTCAATTCTAAAAATAAAGTTTCAAGCAGTTTATTATTATGGAAAGAGTGGCATCTATGTGTTCACAGCCAACATCACAGTTCTTTTTACTCAGATCTT
int2	19	3805680	3805779	0.976	GAAGCCGGGTCCTCAGCACTGAACAACAGCGACCACAACAAAGGTTAAAGGAGGGTTGGGGAGGAAGCGGCTGCAGAGCTACTTAAAGAACAGGGTAGAT	ATCTACCCTGTTCTTTAAGTAGCTCTGCAGCCGCTTCCTCCCCAACCCTCCTTTAACCTTTGTTGTGGTCGCTGTTGTTCAGTGCTGAGGACCCGGCTTC
int2	19	3805979	3806078	0.988	GTTATGATCAAACTTGATGCATTGGTTAGGAATGAACAATAGTGAACAGAGAATTCTAAAACAAGCAGAGTGCACGTGGGAAGTGAGTGCTACCTCTGCT	AGCAGAGGTAGCACTCACTTCCCACGTGCACTCTGCTTGTTTTAGAATTCTCTGTTCACTATTGTTCATTCCTAACCAATGCATCAAGTTTGATCATAAC
int2	19	3806278	3806377	0.910	TGTGTTCATGTGTATACATGTAATTAAAAAGAAAATAAAACTTGACCAAAAAAGTGTCAGAGCCAAATGTGGTGGTGTACTCCTTTAATCCCAACACCCA	TGGGTGTTGGGATTAAAGGAGTACACCACCACATTTGGCTCTGACACTTTTTTGGTCAAGTTTTATTTTCTTTTTAATTACATGTATACACATGAACACA
int2	19	3806577	3806676	0.767	GACAAAAAATGCTCAAATGACCCAGTCAAGTCAGAGTCAGATGAAGACATAGCTCAGCAGCTGAGAGTTCATACTGCTCTTGCACAGGACCCAAGTTCTA	TAGAACTTGGGTCCTGTGCAAGAGCAGTATGAACTCTCAGCTGCTGAGCTATGTCTTCATCTGACTCTGACTTGACTGGGTCATTTGAGCATTTTTTGTC
int2	19	3806876	3806975	1.000	TACTTTTAGACGTGCTAGGTAAAATGGTTATAATGTAGGATTTTAGTTTTGCTTCCTTAAAAATAAATAACCTAAATTGAAGAATCCTCTATATAGTATA	TATACTATATAGAGGATTCTTCAATTTAGGTTATTTATTTTTAAGGAAGCAAAACTAAAATCCTACATTATAACCATTTTACCTAGCACGTCTAAAAGTA
int2	19	3807175	3807274	1.000	TTGTAAGTCGTCTGCTCCATTTGTTTGACCTTTGCTGTTTTCTCTTTCAGACGGGGAACTGGTGCTTTTAAATCACGAGTAGGACTGCCTGCGCCTGCTC	GAGCAGGCGCAGGCAGTCCTACTCGTGATTTAAAAGCACCAGTTCCCCGTCTGAAAGAGAAAACAGCAAAGGTCAAACAAATGGAGCAGACGACTTACAA
int2	19	3807474	3807573	0.035	TAGCATGCCCTAGGAGGGTCTGTAGCATGCCCTAGGAGGGTCTGTAGCATGCCCTAGGAGGGTCTGTAGCATGCCCTAGGAGGGTCTGTAGCATGTCCTA	TAGGACATGCTACAGACCCTCCTAGGGCATGCTACAGACCCTCCTAGGGCATGCTACAGACCCTCCTAGGGCATGCTACAGACCCTCCTAGGGCATGCTA
int2	19	3807773	3807872	0.801	CCACTGAGCCATCTCTCCAGCCCAGCCTCAGTGGTTTTGAAACTCCAAATTGATAGAAACTGAGACTTGAGGCATTTCAGCTAGAAATGCACTTGGTAGT	ACTACCAAGTGCATTTCTAGCTGAAATGCCTCAAGTCTCAGTTTCTATCAATTTGGAGTTTCAAAACCACTGAGGCTGGGCTGGAGAGATGGCTCAGTGG
int2	19	3808072	3808171	0.914	GGCTACCCAGGTCTATCTCCAGCCAGTCTAGGAACAGGATGGACCCAGAGTTCATTATAGCTTCAAGACTTCCATTCATTTAACTATTTGATTAGCATTT	AAATGCTAATCAAATAGTTAAATGAATGGAAGTCTTGAAGCTATAATGAACTCTGGGTCCATCCTGTTCCTAGACTGGCTGGAGATAGACCTGGGTAGCC
