int1	rs36588234	19	3791591	GATTCAGCCAACAA	0.43	34.4	GATTCAGCCAACAG	0.50	37.4
int1	rs266164282	19	3791605	TTTAGATAGTTGGT	0.29	28.6	TTTAGATAGTTGGG	0.36	31.5
int1	rs233070165	19	3791753	AGAAGAGCAGTCGG	0.57	40.3	AGAAGAGCAGTCGA	0.50	37.4
int1	rs586881213	19	3791766	GGTGCTCTTACCCA	0.57	40.3	GGTGCTCTTACCCT	0.57	40.3
int1	rs258256279	19	3791984	AGTTCCAGGACAGT	0.50	37.4	AGTTCCAGGACAGC	0.57	40.3
int1	rs215047461	19	3792005	GCACATAAAAACTT	0.29	28.6	GCACATAAAAACTC	0.36	31.5
int1	rs38604711	19	3792235	TGATTGCAGAAATT	0.29	28.6	TGATTGCAGAAATC	0.36	31.5
int1	rs212603417	19	3792310	TTAAACCTCCCATT	0.36	31.5	TTAAACCTCCCATC	0.43	34.4
int1	rs36316803	19	3792353	TATTGTCATGAGCA	0.36	31.5	TATTGTCATGAGCG	0.43	34.4
int1	rs579758610	19	3792405	CATTACCCATGAGC	0.50	37.4	CATTACCCATGAGG	0.50	37.4
int1	rs254351385	19	3792441	TTTTGTTTCTGCAC	0.36	31.5	TTTTGTTTCTGCAT	0.29	28.6
int1	rs217743804	19	3792457	GCCTTCTCTACATT	0.43	34.4	GCCTTCTCTACATC	0.50	37.4
int1	rs37820757	19	3792523	GAAGTCTCTCAGAC	0.50	37.4	GAAGTCTCTCAGAG	0.50	37.4
int1	rs239856054	19	3792545	AGATAAACCTCTTT	0.29	28.6	AGATAAACCTCTTC	0.36	31.5
int1	rs221003094	19	3792566	CCCCGTCTTTCCCC	0.71	46.2	CCCCGTCTTTCCCT	0.64	43.2
int1	rs232333064	19	3792567	CCCGTCTTTCCCCA	0.64	43.2	CCCGTCTTTCCCCG	0.71	46.2
int1	rs37073707	19	3792642	GAGGATATTGGTCA	0.43	34.4	GAGGATATTGGTCT	0.43	34.4
int1	rs221761468	19	3792741	CTGTCTGCATCCCC	0.64	43.2	CTGTCTGCATCCCT	0.57	40.3
int1	rs244267714	19	3792747	GCATCCCCATTGTC	0.57	40.3	GCATCCCCATTGTT	0.50	37.4
int1	rs264455270	19	3792762	TCTTCTCCCCTAGC	0.57	40.3	TCTTCTCCCCTAGT	0.50	37.4
int1	rs226312217	19	3792797	CTGTCTTCGCTGTC	0.57	40.3	CTGTCTTCGCTGTT	0.50	37.4
int1	rs36289198	19	3792872	CCTAGTGTCAGCTG	0.57	40.3	CCTAGTGTCAGCTA	0.50	37.4
int1	rs259020246	19	3792897	CTAATGCTTGGGTG	0.50	37.4	CTAATGCTTGGGTT	0.43	34.4
int1	rs226543346	19	3792957	ATCTCTAACCACTC	0.43	34.4	ATCTCTAACCACTA	0.36	31.5
int1	rs244844972	19	3792985	AACTCCAGCTAATG	0.43	34.4	AACTCCAGCTAATC	0.43	34.4
int1	rs256682840	19	3792997	TGATGCCAGTTTGG	0.50	37.4	TGATGCCAGTTTGA	0.43	34.4
int1	rs36247696	19	3793011	ATGCAGTGGGGATC	0.57	40.3	ATGCAGTGGGGATT	0.50	37.4
int1	rs259934747	19	3793099	TTGAAGGGCAGAGC	0.57	40.3	TTGAAGGGCAGAGT	0.50	37.4
int1	rs217530024	19	3793111	GCCGCTATGTGCCG	0.71	46.2	GCCGCTATGTGCCA	0.64	43.2
int1	rs240645962	19	3793183	TTCTTGATCCCTAC	0.43	34.4	TTCTTGATCCCTAT	0.36	31.5
int1	rs244982830	19	3793265	ATGATTTCCAACTG	0.36	31.5	ATGATTTCCAACTT	0.29	28.6
int1	rs36509118	19	3793304	ATTATAAATGATAATAACC	0.16	36.0	ATTATAAATGATAATAACG	0.16	36.0
int1	rs232487397	19	3793416	ATCTTTCCCATGGC	0.50	37.4	ATCTTTCCCATGGT	0.43	34.4
int1	rs249947311	19	3793491	CTTTTACAAGTCAG	0.36	31.5	CTTTTACAAGTCAA	0.29	28.6
int1	rs30359042	19	3793562	TCAGACTGTCTTGG	0.50	37.4	TCAGACTGTCTTGA	0.43	34.4
int1	rs587117263	19	3793687	ATTGAAGACATGTA	0.29	28.6	ATTGAAGACATGTG	0.36	31.5
int1	rs47303050	19	3793843	GGTCTGGTGGAAAC	0.57	40.3	GGTCTGGTGGAAAT	0.50	37.4
int1	rs234839327	19	3793859	TTCCACCAGTGATA	0.43	34.4	TTCCACCAGTGATT	0.43	34.4
int1	rs264339007	19	3793938	CTATGTCCATGATC	0.43	34.4	CTATGTCCATGATG	0.43	34.4
int1	rs225955827	19	3793942	GTCCATGATCATCT	0.43	34.4	GTCCATGATCATCC	0.50	37.4
int1	rs241290819	19	3793979	TAATAAGCTCTGAT	0.29	28.6	TAATAAGCTCTGAC	0.36	31.5
int1	rs259179767	19	3793998	GGGAAGACAGGAAC	0.57	40.3	GGGAAGACAGGAAT	0.50	37.4
int1	rs36536814	19	3794004	ACAGGAACGGGAAG	0.57	40.3	ACAGGAACGGGAAA	0.50	37.4
int1	rs47733052	19	3794019	AAGCCTTGCACACC	0.57	40.3	AAGCCTTGCACACT	0.50	37.4
int1	rs238862627	19	3794380	TTCTCTTATATTGG	0.29	28.6	TTCTCTTATATTGA	0.21	25.7
int1	rs261870317	19	3794402	TATGTGTTAAGATC	0.29	28.6	TATGTGTTAAGATA	0.21	25.7
int1	rs228041059	19	3794526	GAAGGGTTATACTC	0.43	34.4	GAAGGGTTATACTT	0.36	31.5
int1	rs37937124	19	3794537	CTCGTCACTGGCTC	0.64	43.2	CTCGTCACTGGCTT	0.57	40.3
int1	rs265852766	19	3794552	GTAGTAGAAAGCAC	0.43	34.4	GTAGTAGAAAGCAT	0.36	31.5
int1	rs581477021	19	3794593	TCTATGGATGCCTG	0.50	37.4	TCTATGGATGCCTA	0.43	34.4
int1	rs232182525	19	3794600	ATGCCTGTGGATGC	0.57	40.3	ATGCCTGTGGATGG	0.57	40.3
int1	rs244950647	19	3794602	GCCTGTGGATGCAG	0.64	43.2	GCCTGTGGATGCAA	0.57	40.3
int1	rs214111391	19	3794603	CCTGTGGATGCAGG	0.64	43.2	CCTGTGGATGCAGA	0.57	40.3
int1	rs226424936	19	3794618	TGGGATTCTGTATG	0.43	34.4	TGGGATTCTGTATT	0.36	31.5
int1	rs244211293	19	3794634	TAACAAGCTCCTGG	0.50	37.4	TAACAAGCTCCTGA	0.43	34.4
int1	rs213102001	19	3794645	TGGTCTGTATTTAC	0.36	31.5	TGGTCTGTATTTAA	0.29	28.6
int1	rs236650289	19	3794651	GTATTTACAGTAGG	0.36	31.5	GTATTTACAGTAGT	0.29	28.6
int1	rs37206062	19	3794693	CACTTAAAACCATG	0.36	31.5	CACTTAAAACCATA	0.29	28.6
int1	rs261105831	19	3794696	TTAAAACCATGTGG	0.36	31.5	TTAAAACCATGTGA	0.29	28.6
int1	rs218284569	19	3794706	GTGGTCACAAAGTC	0.50	37.4	GTGGTCACAAAGTG	0.50	37.4
int1	rs234981050	19	3794734	CAGGGTGTGCCTCG	0.71	46.2	CAGGGTGTGCCTCA	0.64	43.2
int1	rs252888549	19	3794842	ACCTTTGTGGGGGA	0.57	40.3	ACCTTTGTGGGGGG	0.64	43.2
int1	rs220379185	19	3794865	AGTTAACTGTTCTG	0.36	31.5	AGTTAACTGTTCTT	0.29	28.6
int1	rs238822903	19	3794887	GCAGCCAGAACACT	0.57	40.3	GCAGCCAGAACACC	0.64	43.2
int1	rs261568167	19	3794911	TTTTTTAGCACAGC	0.36	31.5	TTTTTTAGCACAGA	0.29	28.6
int1	rs220386953	19	3794943	AGCCTGCCTGGGGC	0.79	49.1	AGCCTGCCTGGGGA	0.71	46.2
int1	rs251030000	19	3794991	CCCCAGACTCTTTC	0.57	40.3	CCCCAGACTCTTTA	0.50	37.4
int1	rs263965660	19	3795005	TAGAGTCTGCGCCA	0.57	40.3	TAGAGTCTGCGCCC	0.64	43.2
int1	rs227334746	19	3795028	GATGGCTTCCTCAC	0.57	40.3	GATGGCTTCCTCAA	0.50	37.4
int1	rs239027563	19	3795029	ATGGCTTCCTCACA	0.50	37.4	ATGGCTTCCTCACC	0.57	40.3
int1	rs255906141	19	3795072	GATTAGAAGTACAC	0.36	31.5	GATTAGAAGTACAT	0.29	28.6
int1	rs224975465	19	3795085	CAATCTCTTATCTC	0.36	31.5	CAATCTCTTATCTT	0.29	28.6
int1	rs37502070	19	3795114	CTGCATGCCTGTCA	0.57	40.3	CTGCATGCCTGTCG	0.64	43.2
int1	rs213662769	19	3795139	GACCAGGGCCTCAC	0.71	46.2	GACCAGGGCCTCAT	0.64	43.2
int1	rs228169444	19	3795173	CCACTGACCTGCAG	0.64	43.2	CCACTGACCTGCAA	0.57	40.3
int1	rs260441258	19	3795183	GCAGTTGTCTTCCG	0.57	40.3	GCAGTTGTCTTCCA	0.50	37.4
int1	rs218465821	19	3795293	GTTTGAATGCTTAT	0.29	28.6	GTTTGAATGCTTAC	0.36	31.5
int1	rs234938376	19	3795295	TTGAATGCTTATGC	0.36	31.5	TTGAATGCTTATGG	0.36	31.5
int1	rs253064670	19	3795406	CCATATTAAAGGTG	0.36	31.5	CCATATTAAAGGTA	0.29	28.6
int1	rs36457249	19	3795445	CTGATATTTTGATC	0.29	28.6	CTGATATTTTGATT	0.21	25.7
int1	rs231762906	19	3795679	TGTATGTGTATGTT	0.29	28.6	TGTATGTGTATGTC	0.36	31.5
int1	rs256365275	19	3795752	GGGTGCTGGGAATT	0.57	40.3	GGGTGCTGGGAATC	0.64	43.2
int1	rs220041352	19	3795824	CCCTGATTCCCTCC	0.64	43.2	CCCTGATTCCCTCT	0.57	40.3
int1	rs248337003	19	3795845	AAAAAAGGGAGTTA	0.29	28.6	AAAAAAGGGAGTTG	0.36	31.5
int1	rs263683180	19	3795908	GCAGGTAGATACAC	0.50	37.4	GCAGGTAGATACAT	0.43	34.4
int1	rs221374753	19	3796029	CAGCAAGTGTGGTG	0.57	40.3	CAGCAAGTGTGGTA	0.50	37.4
int1	rs238983898	19	3796039	GGTGGCCCATGCCA	0.71	46.2	GGTGGCCCATGCCT	0.71	46.2
int1	rs256102891	19	3796098	TTGAGTTTGAGTCT	0.36	31.5	TTGAGTTTGAGTCC	0.43	34.4
int1	rs225040457	19	3796184	AATGAAAACAACAAAAAAA	0.16	36.0	AAACAACAAAAAAG	0.21	25.7
int1	rs37149354	19	3796245	TGTCTGGGTACTTC	0.50	37.4	TGTCTGGGTACTTT	0.43	34.4
int1	rs261265663	19	3796271	TTGTTTGACTTCTC	0.36	31.5	TTGTTTGACTTCTT	0.29	28.6
int1	rs228709882	19	3796305	AGTCTTAGCCTTCC	0.50	37.4	AGTCTTAGCCTTCT	0.43	34.4
int1	rs39678624	19	3796360	TGCTATGTATTTGC	0.36	31.5	TGCTATGTATTTGT	0.29	28.6
int1	rs260846750	19	3796423	TTCAAGATTTGATA	0.21	25.7	TTCAAGATTTGATG	0.29	28.6
int1	rs228278258	19	3796483	ATTTGTATTGTGGG	0.36	31.5	ATTTGTATTGTGGA	0.29	28.6
int2	rs241027733	19	3799796	TGTTGGGTGTTTGG	0.50	37.4	TGTTGGGTGTTTGA	0.43	34.4
int2	rs258171810	19	3799815	TTGTTGTCTGTTGG	0.43	34.4	TTGTTGTCTGTTGT	0.36	31.5
int2	rs226937814	19	3799858	TAGTGGTGGCGCAA	0.57	40.3	TAGTGGTGGCGCAC	0.64	43.2
int2	rs584743925	19	3799905	GGCAGATTTCTGAC	0.50	37.4	GGCAGATTTCTGAT	0.43	34.4
int2	rs213682410	19	3799911	TTTCTGACTTCAAT	0.29	28.6	TTTCTGACTTCAAG	0.36	31.5
int2	rs582103540	19	3799928	AGCCTGGTCTACAG	0.57	40.3	AGCCTGGTCTACAA	0.50	37.4
int2	rs229219923	19	3799942	AGTGAGTTCCAGGG	0.57	40.3	AGTGAGTTCCAGGA	0.50	37.4
int2	rs249017060	19	3800119	AGCCTTGGCTGTCC	0.64	43.2	AGCCTTGGCTGTCT	0.57	40.3
int2	rs218978784	19	3800120	GCCTTGGCTGTCCT	0.64	43.2	GCCTTGGCTGTCCG	0.71	46.2
int2	rs235336981	19	3800166	TCCCAGAGTGCTGT	0.57	40.3	TCCCAGAGTGCTGG	0.64	43.2
int2	rs584116440	19	3800176	CTGTGATTAAAGGA	0.36	31.5	CTGTGATTAAAGGG	0.43	34.4
int2	rs253442444	19	3800434	CACACCTTTAATCC	0.43	34.4	CACACCTTTAATCT	0.36	31.5
int2	rs214858261	19	3800484	TTCCAGGCCAGCCT	0.64	43.2	TTCCAGGCCAGCCA	0.64	43.2
int2	rs232338632	19	3800485	TCCAGGCCAGCCTG	0.71	46.2	TCCAGGCCAGCCTA	0.64	43.2
int2	rs261835571	19	3800506	GAGCAAGTTCCAGG	0.57	40.3	GAGCAAGTTCCAGA	0.50	37.4
int2	rs222895727	19	3800511	AGTTCCAGGACAGC	0.57	40.3	AGTTCCAGGACAGA	0.50	37.4
int2	rs579285301	19	3800535	TAAAGAAACGCTGC	0.43	34.4	TAAAGAAACGCTGT	0.36	31.5
int2	rs237553934	19	3800540	AAACGCTGCCTCAA	0.50	37.4	AAACGCTGCCTCAT	0.50	37.4
int2	rs255742038	19	3800623	TCAGTTAGGTGGTG	0.50	37.4	TCAGTTAGGTGGTA	0.43	34.4
int2	rs227548614	19	3800739	CACTTGACCTTAAG	0.43	34.4	CACTTGACCTTAAA	0.36	31.5
int2	rs582686664	19	3800769	GCCCTTTTTTTTTT	0.29	28.6	GCCCTTTTTTTTTG	0.36	31.5
int2	rs240995487	19	3800773	TTTTTTTTTTTTTC	0.07	19.8	TGCCCTTTTTTTTTTTTTT	0.21	38.1
int2	rs258236244	19	3800808	GGTTTCTCTGTATT	0.36	31.5	GGTTTCTCTGTATC	0.43	34.4
int2	rs220922409	19	3800844	CTCTGTAGACCAGG	0.57	40.3	CTCTGTAGACCAGT	0.50	37.4
int2	rs238407218	19	3800884	GCCTCTGCCTCCCG	0.79	49.1	GCCTCTGCCTCCCA	0.71	46.2
int2	rs585760031	19	3800891	CCTCCCGAGTGCTG	0.71	46.2	CCTCCCGAGTGCTA	0.64	43.2
int2	rs580220783	19	3800893	TCCCGAGTGCTGGG	0.71	46.2	TCCCGAGTGCTGGA	0.64	43.2
int2	rs582526143	19	3800902	CTGGGATGAAAGGT	0.50	37.4	CTGGGATGAAAGGC	0.57	40.3
int2	rs265097164	19	3800905	GGATGAAAGGTGTG	0.50	37.4	GGATGAAAGGTGTA	0.43	34.4
int2	rs228699870	19	3800906	GATGAAAGGTGTGT	0.43	34.4	GATGAAAGGTGTGC	0.50	37.4
int2	rs252619808	19	3800918	GTGCCACCACGCCT	0.71	46.2	GTGCCACCACGCCC	0.79	49.1
int2	rs36804007	19	3801058	ATTAATGAGATAAC	0.21	25.7	TTCACATTAATGAGATAAT	0.21	38.1
int2	rs228504506	19	3801118	CCCAGGGGAGATGG	0.71	46.2	CCCAGGGGAGATGT	0.64	43.2
int2	rs247144244	19	3801168	ACTGGTGTTCTGGC	0.57	40.3	ACTGGTGTTCTGGT	0.50	37.4
int2	rs214922780	19	3801195	ACATTTTAAAAAAAAT	0.06	25.4	ACATTTTAAAAAAAAA	0.06	25.4
int2	rs232530377	19	3801348	CATGCATTCATGTG	0.43	34.4	CATGCATTCATGTA	0.36	31.5
int2	rs250348538	19	3801370	CACATGCTAACATG	0.43	34.4	CACATGCTAACATA	0.36	31.5
int2	rs36694017	19	3801472	ATTGTTTTTCTTCA	0.21	25.7	ATTGTTTTTCTTCT	0.21	25.7
int2	rs585922832	19	3801585	AGAGAGATAGCTCA	0.43	34.4	AGAGAGATAGCTCT	0.43	34.4
int2	rs579800526	19	3801791	TTCTAGTACTCACT	0.36	31.5	TTCTAGTACTCACA	0.36	31.5
int2	rs583174172	19	3801868	GTACTCACAACTGC	0.50	37.4	GTACTCACAACTGT	0.43	34.4
int2	rs235779978	19	3801919	ACTCCAAGGGGGCG	0.71	46.2	ACTCCAAGGGGGCA	0.64	43.2
int2	rs261235902	19	3801925	AGGGGGCGACAGGC	0.79	49.1	AGGGGGCGACAGGA	0.71	46.2
int2	rs223091071	19	3801928	GGGCGACAGGCACG	0.79	49.1	GGGCGACAGGCACA	0.71	46.2
int2	rs586528649	19	3801978	TATTATATTATATTAC	0.06	25.4	TTATATTATATTAT	0.00	16.9
int2	rs36490883	19	3802282	CTATGTCCAGATAC	0.43	34.4	CTATGTCCAGATAT	0.36	31.5
int2	rs252207254	19	3802417	ATTTATACGTAAAC	0.21	25.7	AAAGATTTATACGTAAAT	0.17	34.4
int2	rs36514686	19	3802466	GCTTACAGAGCTTG	0.50	37.4	GCTTACAGAGCTTC	0.50	37.4
int2	rs37928752	19	3802530	TCCCAGCCTTGAAG	0.57	40.3	TCCCAGCCTTGAAA	0.50	37.4
int2	rs247107336	19	3802613	TGGAGTGAAGTTCG	0.50	37.4	TGGAGTGAAGTTCT	0.43	34.4
int2	rs580434603	19	3802700	TTGCTATTCAGTAG	0.36	31.5	TTGCTATTCAGTAC	0.36	31.5
int2	rs262400003	19	3803008	AGTTCCCTGAGAAC	0.50	37.4	AGTTCCCTGAGAAT	0.43	34.4
int2	rs221235261	19	3803011	TCCCTGAGAACCAG	0.57	40.3	TCCCTGAGAACCAA	0.50	37.4
int2	rs241154518	19	3803033	CAAGCTCAAACCTG	0.50	37.4	CAAGCTCAAACCTA	0.43	34.4
int2	rs266119554	19	3803098	GCATGTTGATTCTG	0.43	34.4	GCATGTTGATTCTA	0.36	31.5
int2	rs228537302	19	3803133	TGCTGGAAGGCAGG	0.64	43.2	TGCTGGAAGGCAGC	0.64	43.2
int2	rs247112469	19	3803181	TGGGACAGGTCCTA	0.57	40.3	TGGGACAGGTCCTG	0.64	43.2
int2	rs584029329	19	3803579	GAGCATTATTCCCA	0.43	34.4	GAGCATTATTCCCT	0.43	34.4
int2	rs587054010	19	3803582	CATTATTCCCAAGT	0.36	31.5	CATTATTCCCAAGC	0.43	34.4
int2	rs258994104	19	3803592	AAGTAGGCCCTGGG	0.64	43.2	AAGTAGGCCCTGGC	0.64	43.2
int2	rs226334902	19	3803602	TGGGATGGGTGTCT	0.57	40.3	TGGGATGGGTGTCC	0.64	43.2
int2	rs581473281	19	3803611	TGTCTGCAGAGGTA	0.50	37.4	TGTCTGCAGAGGTG	0.57	40.3
int2	rs255008550	19	3803615	TGCAGAGGTACTGT	0.50	37.4	TGCAGAGGTACTGG	0.57	40.3
int2	rs212494468	19	3803621	GGTACTGTGCCTCA	0.57	40.3	GGTACTGTGCCTCG	0.64	43.2
int2	rs235805289	19	3803625	CTGTGCCTCAGGTT	0.57	40.3	CTGTGCCTCAGGTC	0.64	43.2
int2	rs254396357	19	3803628	TGCCTCAGGTTTGG	0.57	40.3	TGCCTCAGGTTTGC	0.57	40.3
int2	rs217559879	19	3803630	CCTCAGGTTTGGAT	0.50	37.4	CCTCAGGTTTGGAC	0.57	40.3
int2	rs234769010	19	3803662	GTGTTGCAGAATTT	0.36	31.5	GTGTTGCAGAATTC	0.43	34.4
int2	rs584944530	19	3803677	ATTTTGAAAGGTAAAATAT	0.16	36.0	GAAAGGTAAAATAG	0.29	28.6
int2	rs252169393	19	3803689	ATGAGACAGGCCCT	0.57	40.3	ATGAGACAGGCCCG	0.64	43.2
int2	rs37793518	19	3803725	AACTGTGATGTTGG	0.43	34.4	AACTGTGATGTTGA	0.36	31.5
int2	rs587077101	19	3803733	TGTTGGCTCTGGTG	0.57	40.3	TGTTGGCTCTGGTA	0.50	37.4
int2	rs237167264	19	3803935	TGGACTTAAAATAC	0.29	28.6	TGGACTTAAAATAT	0.21	25.7
int2	rs36762520	19	3804029	CTTTTAGTGAGTGG	0.43	34.4	CTTTTAGTGAGTGA	0.36	31.5
int2	rs580948859	19	3804111	ATTTAATGCAGAAC	0.29	28.6	ATTTAATGCAGAAA	0.21	25.7
int2	rs36853153	19	3804196	GCACCTTGCCTTAC	0.57	40.3	GCACCTTGCCTTAA	0.50	37.4
int2	rs244067385	19	3804211	TGGAGGAGCTTCCT	0.57	40.3	TGGAGGAGCTTCCG	0.64	43.2
int2	rs255363451	19	3804221	TCCTTTGTCTGTGA	0.43	34.4	TCCTTTGTCTGTGG	0.50	37.4
int2	rs222617906	19	3804264	CATGCTCAGGTGGG	0.64	43.2	CATGCTCAGGTGGA	0.57	40.3
int2	rs241263356	19	3804299	ATGTGGAGCCAGCG	0.64	43.2	ATGTGGAGCCAGCA	0.57	40.3
int2	rs258960073	19	3804581	TGCCTTCTGAGGCA	0.57	40.3	TGCCTTCTGAGGCG	0.64	43.2
int2	rs226481596	19	3804626	GGCTGGCTGCCCAC	0.79	49.1	GGCTGGCTGCCCAT	0.71	46.2
int2	rs242975204	19	3804644	AGTGTGGCCTGGCT	0.64	43.2	AGTGTGGCCTGGCC	0.71	46.2
int2	rs264791497	19	3804713	TGTGACTTGAGACG	0.50	37.4	TGTGACTTGAGACC	0.50	37.4
