int1	rs249017060	19	3800119	AGAGTGAGTTCCAG	0.50	37.4	AGAGTGAGTTCCAA	0.43	34.4
int1	rs218978784	19	3800120	CAGAGTGAGTTCCA	0.50	37.4	CAGAGTGAGTTCCC	0.57	40.3
int1	rs235336981	19	3800166	GCATCCTTTAATCA	0.36	31.5	GCATCCTTTAATCC	0.43	34.4
int1	rs584116440	19	3800176	CAGTGGTGATGCAT	0.50	37.4	CAGTGGTGATGCAC	0.57	40.3
int1	rs253442444	19	3800434	CTCTCAAGTGCTGG	0.57	40.3	CTCTCAAGTGCTGA	0.50	37.4
int1	rs214858261	19	3800484	TGCTCTATGAACCA	0.43	34.4	TGCTCTATGAACCT	0.43	34.4
int1	rs232338632	19	3800485	TTGCTCTATGAACC	0.43	34.4	TTGCTCTATGAACT	0.36	31.5
int1	rs261835571	19	3800506	TGGCTGTGGCTGTC	0.64	43.2	TGGCTGTGGCTGTT	0.57	40.3
int1	rs222895727	19	3800511	TTATGTGGCTGTGG	0.50	37.4	TTATGTGGCTGTGT	0.43	34.4
int1	rs579285301	19	3800535	TATTTATTTATTTTTGAGG	0.16	36.0	ATTTATTTATTTTTGAGA	0.11	32.1
int1	rs237553934	19	3800540	TATTTATTTATTTT	0.00	16.9	TATTTATTTATTTA	0.00	16.9
int1	rs255742038	19	3800623	CATCTTGACAGTCC	0.50	37.4	CATCTTGACAGTCT	0.43	34.4
int1	rs227548614	19	3800739	CACTTGACATGGAC	0.50	37.4	CACTTGACATGGAT	0.43	34.4
int1	rs582686664	19	3800769	AAAAAAACCAAAAGAAAA	0.17	34.4	AAACCAAAAGAAAC	0.29	28.6
int1	rs240995487	19	3800773	AAAAAAACCAAAAG	0.21	25.7	AAAAAAACCAAAAA	0.14	22.7
int1	rs258236244	19	3800808	GGACAGCCAGATCA	0.57	40.3	GGACAGCCAGATCG	0.64	43.2
int1	rs220922409	19	3800844	AGTTTGAGGCCAGC	0.57	40.3	AGTTTGAGGCCAGA	0.50	37.4
int1	rs238407218	19	3800884	TCATCCCAGCACTC	0.57	40.3	TCATCCCAGCACTT	0.50	37.4
int1	rs585760031	19	3800891	ACACCTTTCATCCC	0.50	37.4	ACACCTTTCATCCT	0.43	34.4
int1	rs580220783	19	3800893	ACACACCTTTCATC	0.43	34.4	ACACACCTTTCATT	0.36	31.5
int1	rs582526143	19	3800902	CGTGGTGGCACACA	0.64	43.2	CGTGGTGGCACACG	0.71	46.2
int1	rs265097164	19	3800905	AGGCGTGGTGGCAC	0.71	46.2	AGGCGTGGTGGCAT	0.64	43.2
int1	rs228699870	19	3800906	CAGGCGTGGTGGCA	0.71	46.2	CAGGCGTGGTGGCG	0.79	49.1
int1	rs252619808	19	3800918	GGCAAGCATAGCCA	0.57	40.3	GGCAAGCATAGCCG	0.64	43.2
int1	rs36804007	19	3801058	AATGCTTTTGACTG	0.36	31.5	AATGCTTTTGACTA	0.29	28.6
int1	rs228504506	19	3801118	TTTATCCACTGAGC	0.43	34.4	TTTATCCACTGAGA	0.36	31.5
int1	rs247144244	19	3801168	GTTGGTTCTGGGAG	0.57	40.3	GTTGGTTCTGGGAA	0.50	37.4
int1	rs214922780	19	3801195	ATCTGGCTTTTAAA	0.29	28.6	ATCTGGCTTTTAAT	0.29	28.6
int1	rs232530377	19	3801348	ATGTGTAGATGCAC	0.43	34.4	ATGTGTAGATGCAT	0.36	31.5
int1	rs250348538	19	3801370	GTGGTATTCTATGC	0.43	34.4	GTGGTATTCTATGT	0.36	31.5
int1	rs36694017	19	3801472	AGCAAAGATTTAAT	0.21	25.7	AGCAAAGATTTAAA	0.21	25.7
int1	rs585922832	19	3801585	TGCTTTTAACCTTT	0.29	28.6	TGCTTTTAACCTTA	0.29	28.6
int1	rs579800526	19	3801791	AGTCCTCTACAAGA	0.43	34.4	AGTCCTCTACAAGT	0.43	34.4
int1	rs583174172	19	3801868	ACAGGAGGTACAGG	0.57	40.3	ACAGGAGGTACAGA	0.50	37.4
int1	rs235779978	19	3801919	CATGCGTGCCTGTC	0.64	43.2	CATGCGTGCCTGTT	0.57	40.3
int1	rs261235902	19	3801925	GCACCACATGCGTG	0.64	43.2	GCACCACATGCGTT	0.57	40.3
int1	rs223091071	19	3801928	TGTGCACCACATGC	0.57	40.3	TGTGCACCACATGT	0.50	37.4
int1	rs586528649	19	3801978	ATAATATAATATAATG	0.06	25.4	AATATAATATAATA	0.00	16.9
int1	rs36490883	19	3802282	AGCCAGTTGCAATG	0.50	37.4	AGCCAGTTGCAATA	0.43	34.4
int1	rs252207254	19	3802417	CATTCAGGCTTCGG	0.57	40.3	CATTCAGGCTTCGA	0.50	37.4
int1	rs36514686	19	3802466	CTGGATTCAACCTC	0.50	37.4	CTGGATTCAACCTG	0.50	37.4
int1	rs37928752	19	3802530	GATGAAAAACTAAC	0.29	28.6	GATGAAAAACTAAT	0.21	25.7
int1	rs247107336	19	3802613	AAGAGGTACACAAC	0.43	34.4	AAGAGGTACACAAA	0.36	31.5
int1	rs580434603	19	3802700	ACAACAACGTAAAC	0.36	31.5	ACAACAACGTAAAG	0.36	31.5
int1	rs262400003	19	3803008	TGGCACTGCACTGG	0.64	43.2	TGGCACTGCACTGA	0.57	40.3
int1	rs221235261	19	3803011	GCTTGGCACTGCAC	0.64	43.2	GCTTGGCACTGCAT	0.57	40.3
int1	rs241154518	19	3803033	ACTTCACTACCAAC	0.43	34.4	ACTTCACTACCAAT	0.36	31.5
int1	rs266119554	19	3803098	CGGAACAGCTATTC	0.50	37.4	CGGAACAGCTATTT	0.43	34.4
int1	rs228537302	19	3803133	AGCCTTGGCACCCC	0.71	46.2	AGCCTTGGCACCCG	0.71	46.2
int1	rs247112469	19	3803181	CACCTGTAATACTT	0.36	31.5	CACCTGTAATACTC	0.43	34.4
int1	rs584029329	19	3803579	CCCAGGGCCTACTT	0.64	43.2	CCCAGGGCCTACTA	0.64	43.2
int1	rs587054010	19	3803582	CATCCCAGGGCCTA	0.64	43.2	CATCCCAGGGCCTG	0.71	46.2
int1	rs258994104	19	3803592	TGCAGACACCCATC	0.57	40.3	TGCAGACACCCATG	0.57	40.3
int1	rs226334902	19	3803602	ACAGTACCTCTGCA	0.50	37.4	ACAGTACCTCTGCG	0.57	40.3
int1	rs581473281	19	3803611	ACCTGAGGCACAGT	0.57	40.3	ACCTGAGGCACAGC	0.64	43.2
int1	rs255008550	19	3803615	CCAAACCTGAGGCA	0.57	40.3	CCAAACCTGAGGCC	0.64	43.2
int1	rs212494468	19	3803621	CTCAATCCAAACCT	0.43	34.4	CTCAATCCAAACCC	0.50	37.4
int1	rs235805289	19	3803625	GCAGCTCAATCCAA	0.50	37.4	GCAGCTCAATCCAG	0.57	40.3
int1	rs254396357	19	3803628	TTAGCAGCTCAATC	0.43	34.4	TTAGCAGCTCAATG	0.43	34.4
int1	rs217559879	19	3803630	GATTAGCAGCTCAA	0.43	34.4	GATTAGCAGCTCAG	0.50	37.4
int1	rs234769010	19	3803662	ATTTTACCTTTCAA	0.21	25.7	ATTTTACCTTTCAG	0.29	28.6
int1	rs584944530	19	3803677	GAGGGCCTGTCTCA	0.64	43.2	GAGGGCCTGTCTCC	0.71	46.2
int1	rs252169393	19	3803689	AGATCTTATCTTGA	0.29	28.6	AGATCTTATCTTGC	0.36	31.5
int1	rs37793518	19	3803725	TGCAACACCAGAGC	0.57	40.3	TGCAACACCAGAGT	0.50	37.4
int1	rs587077101	19	3803733	AGGTCATGTGCAAC	0.50	37.4	AGGTCATGTGCAAT	0.43	34.4
int1	rs237167264	19	3803935	TCCTCTTAGTAGTG	0.43	34.4	TCCTCTTAGTAGTA	0.36	31.5
int1	rs36762520	19	3804029	CCAGTAGGGTACAC	0.57	40.3	CCAGTAGGGTACAT	0.50	37.4
int1	rs580948859	19	3804111	CTCAACTACTTCTG	0.43	34.4	CTCAACTACTTCTT	0.36	31.5
int1	rs36853153	19	3804196	GAAGCTCCTCCAGG	0.64	43.2	GAAGCTCCTCCAGT	0.57	40.3
int1	rs244067385	19	3804211	CTCTCACAGACAAA	0.43	34.4	CTCTCACAGACAAC	0.50	37.4
int1	rs255363451	19	3804221	ATCTGCCTTACTCT	0.43	34.4	ATCTGCCTTACTCC	0.50	37.4
int1	rs222617906	19	3804264	GACTGACCTGGAGC	0.64	43.2	GACTGACCTGGAGT	0.57	40.3
int1	rs241263356	19	3804299	CAGAGCTGAGCAGC	0.64	43.2	CAGAGCTGAGCAGT	0.57	40.3
int1	rs258960073	19	3804581	CACACAGTGTAGAT	0.43	34.4	CACACAGTGTAGAC	0.50	37.4
int1	rs226481596	19	3804626	GGCCACACTAGCTG	0.64	43.2	GGCCACACTAGCTA	0.57	40.3
int1	rs242975204	19	3804644	CTCCCCTGAGTACA	0.57	40.3	CTCCCCTGAGTACG	0.64	43.2
int1	rs264791497	19	3804713	ACTTCACAGTTTAC	0.36	31.5	ACTTCACAGTTTAG	0.36	31.5
int1	rs38313811	19	3804946	TCAGAGCCTTAACG	0.50	37.4	TCAGAGCCTTAACA	0.43	34.4
int2	rs249034508	19	3808238	ATCACACACCCTAT	0.43	34.4	ATCACACACCCTAC	0.50	37.4
int2	rs260877426	19	3808245	AGTAGCAATCACAC	0.43	34.4	AGTAGCAATCACAT	0.36	31.5
int2	rs579263095	19	3808306	TCCATTAGGCACTC	0.50	37.4	TCCATTAGGCACTT	0.43	34.4
int2	rs228182137	19	3808307	TTCCATTAGGCACT	0.43	34.4	TTCCATTAGGCACC	0.50	37.4
int2	rs252492874	19	3808311	CAGTTTCCATTAGG	0.43	34.4	CAGTTTCCATTAGA	0.36	31.5
int2	rs582571670	19	3808314	CCCCAGTTTCCATT	0.50	37.4	CCCCAGTTTCCATC	0.57	40.3
int2	rs36900961	19	3808547	GTGCCTGAGGGGGC	0.79	49.1	GTGCCTGAGGGGGA	0.71	46.2
int2	rs36401452	19	3808596	GAGTGGGCTGAAAA	0.50	37.4	GAGTGGGCTGAAAC	0.57	40.3
int2	rs36915451	19	3809075	CTAGCATACACAAC	0.43	34.4	CTAGCATACACAAG	0.43	34.4
int2	rs211994203	19	3809125	CTCAAAAAACCACC	0.43	34.4	CTCAAAAAACCACT	0.36	31.5
int2	rs37067081	19	3809177	GGTGAGGCATAAGT	0.50	37.4	GGTGAGGCATAAGC	0.57	40.3
int2	rs252526225	19	3809202	GCAGTAACTTTGCA	0.43	34.4	GCAGTAACTTTGCG	0.50	37.4
int2	rs215846333	19	3809261	CCGAGGCTACAGCC	0.71	46.2	CCGAGGCTACAGCT	0.64	43.2
int2	rs232649149	19	3809299	GCAGCCAATACCAA	0.50	37.4	GCAGCCAATACCAC	0.57	40.3
int2	rs257594105	19	3809342	TGCTAAAAGGCATC	0.43	34.4	TGCTAAAAGGCATT	0.36	31.5
int2	rs221844452	19	3809430	ATGACACCCAAGCC	0.57	40.3	ATGACACCCAAGCG	0.57	40.3
int2	rs241727727	19	3809435	GCAAAATGACACCC	0.50	37.4	GCAAAATGACACCT	0.43	34.4
int2	rs260638428	19	3809650	CACACTGGCAGGCG	0.71	46.2	CACACTGGCAGGCA	0.64	43.2
int2	rs36359283	19	3809661	GACTAGGTAACCAC	0.50	37.4	GACTAGGTAACCAT	0.43	34.4
int2	rs36721325	19	3809697	TATTCTGGTAAAAC	0.29	28.6	TATTCTGGTAAAAT	0.21	25.7
int2	rs260847069	19	3809716	TGTTGAATTATGGT	0.29	28.6	TGTTGAATTATGGA	0.29	28.6
int2	rs228279290	19	3809799	GGGAAAGAGAAGCG	0.57	40.3	GGGAAAGAGAAGCA	0.50	37.4
int2	rs248269724	19	3809800	GGGGAAAGAGAAGC	0.57	40.3	GGGGAAAGAGAAGG	0.57	40.3
int2	rs262842499	19	3809821	GCCAAACTGCAAGA	0.50	37.4	GCCAAACTGCAAGT	0.50	37.4
int2	rs230444185	19	3809868	TAGCAATGTTGCCG	0.50	37.4	TAGCAATGTTGCCT	0.43	34.4
int2	rs249940788	19	3809873	CTAGGTAGCAATGT	0.43	34.4	CTAGGTAGCAATGC	0.50	37.4
int2	rs36333880	19	3809889	AATGTCTTCCTTGG	0.43	34.4	AATGTCTTCCTTGT	0.36	31.5
int2	rs229204996	19	3809896	GAGAAAGAATGTCT	0.36	31.5	GAGAAAGAATGTCC	0.43	34.4
int2	rs246716333	19	3809897	AGAGAAAGAATGTC	0.36	31.5	AGAGAAAGAATGTT	0.29	28.6
int2	rs215807987	19	3809913	CTCTCAGGCCTTGC	0.64	43.2	CTCTCAGGCCTTGT	0.57	40.3
int2	rs237709264	19	3809943	AAAGTCACCGTGGC	0.57	40.3	AAAGTCACCGTGGA	0.50	37.4
int2	rs262389550	19	3809947	GCAGAAAGTCACCG	0.57	40.3	GCAGAAAGTCACCT	0.50	37.4
int2	rs213444805	19	3810072	GACAGACAAGCCAG	0.57	40.3	GACAGACAAGCCAA	0.50	37.4
int2	rs237010611	19	3810154	CTTGTGTTGAGGGC	0.57	40.3	CTTGTGTTGAGGGT	0.50	37.4
int2	rs255163046	19	3810178	CATGTCTGTTGGGC	0.57	40.3	CATGTCTGTTGGGT	0.50	37.4
int2	rs37960210	19	3810183	ACTGGCATGTCTGT	0.50	37.4	ACTGGCATGTCTGC	0.57	40.3
int2	rs243112429	19	3810200	CCGCATAAACTCTC	0.50	37.4	CCGCATAAACTCTT	0.43	34.4
int2	rs254766382	19	3810211	GCTCCTTTAGACCG	0.57	40.3	GCTCCTTTAGACCA	0.50	37.4
int2	rs222233226	19	3810230	CCTCCATGCCCAGG	0.71	46.2	CCTCCATGCCCAGC	0.71	46.2
int2	rs585966070	19	3810317	TTTGCCTGACCGAC	0.57	40.3	TTTGCCTGACCGAA	0.50	37.4
int2	rs36495223	19	3810326	ACAAGGATTTTTGC	0.36	31.5	ACAAGGATTTTTGG	0.36	31.5
int2	rs579989563	19	3810332	TCAGGCACAAGGAT	0.50	37.4	TCAGGCACAAGGAC	0.57	40.3
int2	rs245595716	19	3810445	TGCCTTGAGCTCTT	0.50	37.4	TGCCTTGAGCTCTG	0.57	40.3
int2	rs265368279	19	3810529	GCGGCTGCTCCGGG	0.86	52.0	GCGGCTGCTCCGGA	0.79	49.1
int2	rs230162402	19	3810538	CCACCGACTGCGGC	0.79	49.1	CCACCGACTGCGGT	0.71	46.2
int2	rs245278351	19	3810607	CTGACCACTGTTAT	0.43	34.4	CTGACCACTGTTAA	0.43	34.4
int2	rs36538114	19	3810616	ACTGAGTTCCTGAC	0.50	37.4	ACTGAGTTCCTGAT	0.43	34.4
int2	rs36482014	19	3810654	CTGAGAGCTGGTAC	0.57	40.3	CTGAGAGCTGGTAT	0.50	37.4
int2	rs37687587	19	3810681	AGGTGATCTATCTC	0.43	34.4	AGGTGATCTATCTG	0.43	34.4
int2	rs258030783	19	3810733	TGACCTAGAGTGAC	0.50	37.4	TGACCTAGAGTGAT	0.43	34.4
int2	rs232120693	19	3810734	ATGACCTAGAGTGA	0.43	34.4	ATGACCTAGAGTGG	0.50	37.4
int2	rs38162816	19	3810740	CACATGATGACCTA	0.43	34.4	CACATGATGACCTG	0.50	37.4
int2	rs251364814	19	3810774	CCTGACAGCTACCT	0.57	40.3	CCTGACAGCTACCC	0.64	43.2
int2	rs214088553	19	3810790	CGGGGCATACAATT	0.50	37.4	CGGGGCATACAATC	0.57	40.3
int2	rs235257361	19	3810803	ACTTTGGGGGAGGC	0.64	43.2	ACTTTGGGGGAGGA	0.57	40.3
int2	rs243357553	19	3810827	CCCAAATGCATAAG	0.43	34.4	CCCAAATGCATAAC	0.43	34.4
int2	rs217204468	19	3810852	CTCTCTTTTGTAAC	0.36	31.5	CTCTCTTTTGTAAT	0.29	28.6
int2	rs235229132	19	3810887	AGGAGTGCCCTAGC	0.64	43.2	AGGAGTGCCCTAGA	0.57	40.3
int2	rs585355426	19	3811036	CACTATGCAGACAC	0.50	37.4	CACTATGCAGACAT	0.43	34.4
int2	rs253324967	19	3811062	ACTCTCCAAGAGTG	0.50	37.4	ACTCTCCAAGAGTA	0.43	34.4
int2	rs222199966	19	3811095	ACTGAAAGCAGGAA	0.43	34.4	ACTGAAAGCAGGAG	0.50	37.4
int2	rs240477473	19	3811154	TATTCAGAGTTTAT	0.21	25.7	TATTCAGAGTTTAC	0.29	28.6
int2	rs258117728	19	3811182	AAAGATTGCCCTTG	0.43	34.4	AAAGATTGCCCTTA	0.36	31.5
int2	rs222555942	19	3811188	TTCAGAAAAGATTG	0.29	28.6	TTCAGAAAAGATTA	0.21	25.7
int2	rs36960619	19	3811216	TGAGCACAGACTAC	0.50	37.4	TGAGCACAGACTAT	0.43	34.4
int2	rs254013443	19	3811275	CAGTGCCAAGCACT	0.57	40.3	CAGTGCCAAGCACC	0.64	43.2
int2	rs222887310	19	3811318	AATTTCTCCCAGAC	0.43	34.4	AATTTCTCCCAGAG	0.43	34.4
int2	rs38774828	19	3811404	TTGGACTCTTGGCG	0.57	40.3	TTGGACTCTTGGCA	0.50	37.4
int2	rs36841194	19	3811467	GAGTCCCTCTGCTA	0.57	40.3	GAGTCCCTCTGCTG	0.64	43.2
int2	rs579659656	19	3811481	GAGCTTGGGCTCGT	0.64	43.2	GAGCTTGGGCTCGA	0.64	43.2
int2	rs582882738	19	3811482	TGAGCTTGGGCTCG	0.64	43.2	TGAGCTTGGGCTCC	0.64	43.2
int2	rs231612102	19	3811600	GCAACCCTTGCAAC	0.57	40.3	GCAACCCTTGCAAT	0.50	37.4
int2	rs256298765	19	3811682	CTGGCCCACGCAGG	0.79	49.1	CTGGCCCACGCAGA	0.71	46.2
int2	rs262305255	19	3811697	GGCACTACCTCCTG	0.64	43.2	GGCACTACCTCCTA	0.57	40.3
int2	rs229026400	19	3811752	ATCATCCCTGATTC	0.43	34.4	ATCATCCCTGATTA	0.36	31.5
int2	rs37398300	19	3811865	TTGAAGCTGCTCCA	0.50	37.4	TTGAAGCTGCTCCG	0.57	40.3
int2	rs36917375	19	3811878	TCCTGAACACTGAT	0.43	34.4	TCCTGAACACTGAC	0.50	37.4
int2	rs246934570	19	3811884	TAGCCCTCCTGAAC	0.57	40.3	TAGCCCTCCTGAAA	0.50	37.4
int2	rs36849614	19	3811898	AGTTCCTATGCCTC	0.50	37.4	AGTTCCTATGCCTG	0.50	37.4
int2	rs238245702	19	3811933	AGTACCTACCTGGC	0.57	40.3	AGTACCTACCTGGT	0.50	37.4
int2	rs36800698	19	3811955	GAATATAATTTTCC	0.21	25.7	TTTGAATATAATTTTCT	0.12	30.2
int2	rs36918492	19	3811988	AAGCCATTAGGCAT	0.43	34.4	AAGCCATTAGGCAC	0.50	37.4
int2	rs222932088	19	3812010	CTTCTCTTCCTTCG	0.50	37.4	CTTCTCTTCCTTCA	0.43	34.4
int2	rs39326019	19	3812039	TTTCATCTCCTCCT	0.43	34.4	TTTCATCTCCTCCA	0.43	34.4
int2	rs248445942	19	3812041	ATTTTCATCTCCTC	0.36	31.5	ATTTTCATCTCCTT	0.29	28.6
int2	rs36752972	19	3812115	CCACCATGTAAGAC	0.50	37.4	CCACCATGTAAGAT	0.43	34.4
int2	rs222847481	19	3812229	CCATCCCACTCTTG	0.57	40.3	CCATCCCACTCTTA	0.50	37.4
int2	rs241027338	19	3812244	TTCACTTTTCCATT	0.29	28.6	TTCACTTTTCCATC	0.36	31.5
int2	rs258171811	19	3812309	TCATGCTTCCTCAG	0.50	37.4	TCATGCTTCCTCAA	0.43	34.4
int2	rs37076149	19	3812330	AGGGATTACGTTTC	0.43	34.4	AGGGATTACGTTTT	0.36	31.5
int2	rs36336383	19	3812483	CAACTGTGCACACT	0.50	37.4	CAACTGTGCACACC	0.57	40.3
int2	rs265054229	19	3812567	GTGGGTTGCTGCCT	0.64	43.2	GTGGGTTGCTGCCA	0.64	43.2
int2	rs228744228	19	3812607	AGTGATGAGAGCCG	0.57	40.3	AGTGATGAGAGCCA	0.50	37.4
int2	rs38006904	19	3812614	AGAGCCCAGTGATG	0.57	40.3	AGAGCCCAGTGATA	0.50	37.4
int2	rs261196065	19	3812619	CCATCAGAGCCCAG	0.64	43.2	CCATCAGAGCCCAA	0.57	40.3
int2	rs38601960	19	3812640	ACGGGCTTGCCAGT	0.64	43.2	ACGGGCTTGCCAGA	0.64	43.2
int2	rs247095018	19	3812720	CTCCCAAGTGCTGT	0.57	40.3	CTCCCAAGTGCTGG	0.64	43.2
int2	rs215298946	19	3812739	GAAATCCGCCTGTT	0.50	37.4	GAAATCCGCCTGTC	0.57	40.3
int2	rs230732330	19	3812800	TCTCTGTATAGTCG	0.43	34.4	TCTCTGTATAGTCT	0.36	31.5
int2	rs586468666	19	3812826	TTTTTTTTTTTGGTTTTT	0.11	32.1	TTTTTTTTTTTTGGTTTTC	0.16	36.0
int2	rs30756161	19	3812830	TTTTTTTTTTTTTTTGGT	0.11	32.1	TTTTTTTTTTTTTTTTGGG	0.16	36.0
int2	rs30522028	19	3812833	TTTTTTTTTTTTTT	0.00	16.9	TTTTTTTTTTTTTTTG	0.06	25.4
int2	rs250380144	19	3812908	GTTGGGCAGCCCCG	0.79	49.1	GTTGGGCAGCCCCA	0.71	46.2
int2	rs37978427	19	3812912	GTTGGTTGGGCAGC	0.64	43.2	GTTGGTTGGGCAGA	0.57	40.3
int2	rs214602532	19	3812947	GACCAGGTACAGCT	0.57	40.3	GACCAGGTACAGCG	0.64	43.2
int2	rs231068432	19	3813061	TCTGAATTCTGCAG	0.43	34.4	TCTGAATTCTGCAC	0.43	34.4
int2	rs248406406	19	3813082	CAATTTTTAACTAC	0.21	25.7	TTAGTCAATTTTTAACTAT	0.16	36.0
