# Int	Chr	Start	End	d|n-k|k	d|n-k|k	d|n-k|k
Int1	1	15,000,001	15,002,000	60|8|4	120|11|1	240|11|1
Int2	1	15,000,001	15,002,000	60|3|9	120|7|5	240|11|1
Int3	1	15,000,001	15,002,000	60|5|7	120|8|4	240|11|1
Int4	1	15,000,001	15,002,000	60|8|4	120|12|0	240|10|2
Int5	1	15,000,001	15,002,000	60|7|5	120|6|6	240|11|1
