# Int	Chr	Start	End	Len	[%	%	%]	[cM/Mb	cM/Mb	cM/Mb]
Int1	1	1	500	 500	0.004	0.015	0.039	7.448	30.004	78.119
Int2	1	1	250	 250	0.004	0.018	0.046	17.596	70.852	184.259
Int3	1	1	250	 250	0.008	0.027	0.063	33.291	107.923	253.801
Int4	1	1	500	 500	0.011	0.030	0.065	21.009	59.128	129.232
Int5	1	1	1500	1500	0.000	0.000	0.009	0.000	0.000	5.716
Int6	1	1	500	 500	0.931	1.499	2.362	1862.604	2997.521	4723.249
